gitHun> git branch kr
gitHun> git checkout kr

gitHun> echo "тестовый файл 1задание" >> kr.txt
gitHun> git add kr.txt .
gitHun> git commit -m "Vr.01"
[kr ba5c48a] Vr.01
 3 files changed, 21 insertions(+), 9 deletions(-)
 create mode 100644 kr.txt
gitHun> git add kr.txt .
gitHun> git commit -m "Vr.02"
[kr aab25e9] Vr.02
 1 file changed, 1 insertion(+)
gitHun> git branch bagfix
gitHun> git checkout bagfix
Переключено на ветку «bagfix»
gitHun> git checkout kr
Переключено на ветку «kr»
gitHun> git add kr.txt .
gitHun> git commit -m "Vr.1"
[kr 7b461ac] Vr.1
 1 file changed, 1 insertion(+)
gitHun> git merge bagfix
Уже обновлено.

Создали ветку,создали файл и коммиты,перешли на другую ветку и продолжили


Task2
Вы должны были закончить вашу работу неделю назад. Но, так как были более важные таски, вы закоммитили фичу только сейчас.

Так, как вы эксперт в гите - измените дату последнего коммита. Сделайте, чтобы он был закоммичен 10 лет назад в 2010.

commit 7b461acdcaf62600c6afb4dd80521b75188d7700 (HEAD -> kr)
Author:     donesii <bond.007.911@mail.ru>
AuthorDate: Tue Nov 17 20:14:24 2020 +0300
Commit:     donesii <bond.007.911@mail.ru>
CommitDate: Tue Nov 17 20:14:24 2020 +0300


gitHun> git commit --amend --no-edit --date="2010.10.17 20:22"
[kr 907b237] Vr.1
 Date: Sun Oct 17 20:22:00 2010 +0400
 1 file changed, 1 insertion(+)
gitHun> git log --pretty=fuller
commit 907b237145ff4ecc04d19ea20f975ccd5b44b1be (HEAD -> kr)
Author:     donesii <bond.007.911@mail.ru>
AuthorDate: Sun Oct 17 20:22:00 2010 +0400
Commit:     donesii <bond.007.911@mail.ru>
CommitDate: Tue Nov 17 20:22:48 2020 +0300


ask3
Пока вы работали над проектом вы увидели, что написали вместо Hello - ello в коммите и в файле.

Но вы заметили поздно и сделали еще один коммит.

git commit --amend уже не помогает

Исправьте ошибку в истории коммитов. И ошибку в файле.

gitHun> git commit -m "Ello"
[kr bedd396] Ello
 2 files changed, 27 insertions(+), 1 deletion(-)
 create mode 100644 kr1.txt
gitHun> git add kr.txt .
gitHun> git commit -m "Ello.v1"


gitHun> git rebase --interactive bedd396 
itHun> git rebase --interactive bedd396 
fatal: It seems that there is already a rebase-merge directory, and
I wonder if you are in the middle of another rebase.  If that is the
case, please try
        git rebase (--continue | --abort | --skip)
If that is not the case, please
        rm -fr ".git/rebase-merge"
and run me again.  I am stopping in case you still have something
valuable there.

gitHun> git add .
gitHun> git rebase --continue
На ветке kr/1)
Последняя команда выполнена (1 команда выполнена):
   reword  0680040 HEllo.v11
Команд больше не осталось.

gitHun> git log --pretty=format:"%h - %ar : %s"
1257cd1 - 11 минут назад : HEllo.v11



Task4
Вы работали над фичей и создали два коммита с маленькми изменениями. Вы не хотите засорять историю и хотите сделать только один коммит, который включает два данных изменения.
Сэмулируйте ситуацию.



root@Dedal:/home/jerson/gitHun$ git add kr.txt .
root@Dedal:/home/jerson/gitHun$ git commit -m "Com1"
[kr 0b27976] Com1
 1 file changed, 1 insertion(+), 1 deletion(-)
root@Dedal:/home/jerson/gitHun$ git add kr.txt .
root@Dedal:/home/jerson/gitHun$ git commit -m "Com2"
[kr 4455eec] Com2
 1 file changed, 2 insertions(+), 1 deletion(-)

root@Dedal:/home/jerson/gitHun$ git rebase -i HEAD~2
[отделённый HEAD 66597e8] Com1+Com2
 Date: Tue Nov 17 20:49:47 2020 +0300
 1 file changed, 2 insertions(+), 1 deletion(-)
Successfully rebased and updated refs/heads/kr.


Task5*
Вы работаете над фичей, но приходит задача на исправление бага. Но ваша работа может потеряться, а коммитить вы не хотите - в тоже время вам надо уже начинать работу над багом.
Git позволяет сохранить работу на вашей стороне и вернуться позже.
Сэмулируйте данную ситуацию. Переключитесь на баг, сделайте коммит - а затем вернитесь к вашей работе.

root@Dedal:/home/jerson/gitHun$ git stash save "То что не успел доделать"
Рабочий каталог и состояние индекса сохранены On kr: То что не успел доделать

        checkout
root@Dedal:/home/jerson/gitHun$ git checkout bagfix
Переключено на ветку «bagfix»
root@Dedal:/home/jerson/gitHun$ git add kr.txt .
root@Dedal:/home/jerson/gitHun$ git commit -m "Commit.1"
[bagfix 43f4289] Commit.1
 1 file changed, 1 insertion(+)
root@Dedal:/home/jerson/gitHun$ git checkout kr
Переключено на ветку «kr»
root@Dedal:/home/jerson/gitHun$ git stash list
stash@{0}: On kr: То что не успел доделать
root@Dedal:/home/jerson/gitHun$ 


Task6*
Вы создали script.sh. Но не сделали его executable, теперь не можете запустить ./script.sh при сборке приложения.

Исправьте это добавляя бит для script.sh в гит истории.


root@Dedal:/home/jerson/gitHun$ vi script.sh
root@Dedal:/home/jerson/gitHun$ touch script.sh
root@Dedal:/home/jerson/gitHun$ git add script.sh
root@Dedal:/home/jerson/gitHun$ git ls-files --stage
100644 bdb7b0045adad69c69a99851292d2487c7e1c211 0       .gitignore
100644 440d2a530962d459af2b7bd208c84a200ef31430 0       File.txt
100644 45e93366e4519b6b2b3162c5c26c115b047b601d 0       dz.15.txt
100644 6cdb204123822097a41adb212b022eef8f342798 0       kr.txt
100644 3c813663091fa9829cd96ad24e11f19136ebfda5 0       kr1.txt
100644 b43d7dd99d554c91cedbf01112aab8cffef99524 0       script.sh
root@Dedal:/home/jerson/gitHun$ git update-index --chmod=+x script.sh

root@Dedal:/home/jerson/gitHun$ git ls-files --stage
100644 bdb7b0045adad69c69a99851292d2487c7e1c211 0       .gitignore
100644 440d2a530962d459af2b7bd208c84a200ef31430 0       File.txt
100644 45e93366e4519b6b2b3162c5c26c115b047b601d 0       dz.15.txt
100644 6cdb204123822097a41adb212b022eef8f342798 0       kr.txt
100644 3c813663091fa9829cd96ad24e11f19136ebfda5 0       kr1.txt
100755 b43d7dd99d554c91cedbf01112aab8cffef99524 0       script.sh
root@Dedal:/home/jerson/gitHun$ git commit -m"Executable!"
[kr d803299] Executable!
 1 file changed, 2 insertions(+)
 create mode 100755 script.sh



 Task7*
Вы сделали три фичи в трех разных ветках.
Вы хотите объединить все эти фичи в одну ветку.